2024-12-19 23:24:19 - INFO - Creation de compte pour l'utilisateur : Popo
2024-12-19 23:28:31 - INFO - Connection d'un utilisateur : Popo
2024-12-19 23:30:27 - INFO - Connection d'un utilisateur : Popo
2024-12-19 23:32:29 - INFO - Connection d'un utilisateur : Popo
2024-12-19 23:33:12 - INFO - Connection d'un utilisateur : Popo
2024-12-19 23:36:31 - INFO - Connection d'un utilisateur : Popo
2024-12-19 23:36:45 - INFO - Ajout d'un produit : Helicopter
2024-12-19 23:37:41 - INFO - Connection d'un utilisateur : Popo
2024-12-19 23:40:31 - INFO - Connection d'un utilisateur : Popo
2024-12-19 23:40:45 - INFO - Ajout d'un produit Banane de Pauline avec 25 en stock au prix de 25.99
2024-12-19 23:42:50 - INFO - Connection d'un utilisateur : Popo
2024-12-19 23:43:06 - INFO - Ajout de 49.99 de Granola au prix de Pauline de 45
2024-12-19 23:45:04 - INFO - Connection d'un utilisateur : Test
2024-12-19 23:45:19 - INFO - Ajout de Tester de Gateaux au prix de 9.99 de 58
2024-12-19 23:47:05 - INFO - Connection d'un utilisateur : Test
2024-12-19 23:47:23 - INFO - Ajout de 50 de lolipop au prix de 29.99 de Test
2024-12-19 23:48:01 - INFO - Connection d'un utilisateur : Test
2024-12-19 23:48:12 - INFO - Ajout de 5 Lolipop au prix de 2.0 de TEST
2024-12-20 00:41:19 - INFO - Connection d'un utilisateur : Test
2024-12-20 00:43:20 - INFO - Connection d'un utilisateur : Test
2024-12-20 00:49:54 - INFO - Connection d'un utilisateur : Test
2024-12-20 00:52:46 - INFO - Connection d'un utilisateur : Test
2024-12-20 01:05:22 - INFO - Connection d'un utilisateur : Test
2024-12-20 01:07:36 - INFO - Creation de compte pour l'utilisateur : Polo
2024-12-20 01:07:52 - INFO - Creation de compte pour l'utilisateur : polo
2024-12-20 01:15:07 - INFO - Creation de compte pour l'utilisateur : Caca
2024-12-20 01:15:35 - INFO - Creation de compte pour l'utilisateur : 
2024-12-20 01:24:20 - INFO - Creation de compte pour l'utilisateur : David
2024-12-20 01:36:06 - INFO - Creation de compte pour l'utilisateur : Gerard
2024-12-20 01:37:26 - INFO - Connection d'un utilisateur : Test
2024-12-20 01:37:55 - INFO - Connection d'un utilisateur : Test
2024-12-20 01:39:39 - INFO - Connection d'un utilisateur : Test
2024-12-20 01:40:40 - INFO - Connection d'un utilisateur : Test
2024-12-20 01:41:36 - INFO - Connection d'un utilisateur : Test
2024-12-20 01:43:23 - INFO - Connection d'un utilisateur : Test
2024-12-20 01:44:47 - INFO - Connection d'un utilisateur : Gerard
2024-12-20 01:46:32 - INFO - Creation de compte pour l'utilisateur : Thomas
2024-12-20 01:46:45 - INFO - Connection d'un utilisateur : Thomas
2024-12-20 11:23:56 - INFO - Creation de compte pour l'utilisateur : Test2
2024-12-20 11:38:05 - WARNING - Erreur de creation de compte ! 
2024-12-20 11:38:29 - WARNING - Erreur de creation de compte ! 
2024-12-20 11:38:55 - WARNING - Erreur de creation de compte ! 
2024-12-20 11:41:53 - INFO - Connection d'un utilisateur : Gerard
2024-12-20 11:56:08 - INFO - Connection d'un utilisateur : Gerard
2024-12-20 11:57:09 - INFO - Connection d'un utilisateur : Gerard
2024-12-20 12:02:30 - INFO - Connection d'un utilisateur : Gerard
2024-12-20 12:12:28 - INFO - Creation de compte pour l'utilisateur : david@mail.fr
2024-12-20 12:13:14 - INFO - Connection d'un utilisateur : david@mail.fr
2024-12-20 12:41:41 - WARNING - Erreur de creation de compte ! Mot de passe trop faible.
2024-12-20 13:10:18 - INFO - Creation de compte pour l'utilisateur : Tutur@gmail.com
2024-12-20 13:11:04 - INFO - Connection d'un utilisateur : david@mail.fr
2024-12-20 13:12:01 - WARNING - Erreur de creation de compte ! Mot de passe trop faible.
2024-12-20 13:12:18 - INFO - Creation de compte pour l'utilisateur : hop@gmail.com
2024-12-20 13:12:31 - INFO - Connection d'un utilisateur : hop@gmail.com
